# Chapter
## Slide 6.3

Text with a [one](https://en.wikipedia.org/wiki/Hobbit#Lifestyle) and another [two](https://en.wikipedia.org/wiki/Hobbit#Lifestyle "Hobbit lifestyles")

* [three](https://en.wikipedia.org/wiki/Hobbit#Lifestyle "Hobbit lifestyles")
* [four](https://en.wikipedia.org/wiki/Hobbit#Lifestyle "Hobbit lifestyles")

> Quote [five](https://en.wikipedia.org/wiki/Hobbit#Lifestyle "Hobbit lifestyles")

>! Important [six](https://en.wikipedia.org/wiki/Hobbit#Lifestyle "Hobbit lifestyles")

>? Question [seven](https://en.wikipedia.org/wiki/Hobbit#Lifestyle "Hobbit lifestyles")

>? Question [eight](https://en.wikipedia.org/wiki/Hobbit#Lifestyle)
