---
layout: page
parent: "Section 3"
title: "Chapter"
nav_order: 0
---
<h1 class="fw-700 text-purple-300">Chapter</h1>
## Slide

<p>Text <code>before</code> the list
</p>

<ul>
<li>Item <code>1</code></li>
<li>Item <strong class="text-purple-100 fw-500">2</strong></li>
<ul>
<li>Item <em class="text-grey-dk-000 fw-500">2.1</em></li>
<li>Item <strong class="text-grey-dk-000 fw-500">*2.2</strong></li>
</ul>
</ul>

<p>Text after <em class="text-grey-dk-000 fw-500">the</em> <em class="text-purple-100 fw-500">list</em>
</p>



